// Jest Snapshot v1, https://goo.gl/fbAQLP

exports[`CheckboxWrapper should render 1`] = `
<Provider
  store={
    Object {
      "dispatch": [Function],
      "getState": [Function],
      "replaceReducer": [Function],
      "subscribe": [Function],
      Symbol(observable): [Function],
    }
  }
>
  <CheckboxWrapper
    checkedValues={
      Array [
        Object {
          "checked": false,
        },
        Object {
          "checked": false,
        },
        Object {
          "checked": false,
        },
      ]
    }
    handleClick={[Function]}
    product={
      Object {
        "productCheckboxValues": Array [
          Object {
            "checked": false,
          },
          Object {
            "checked": false,
          },
          Object {
            "checked": false,
          },
        ],
      }
    }
    wrapperIndex={0}
  >
    <Component
      checked={false}
      key="0"
      onChange={[Function]}
      value={0}
      wrapperIndex={0}
    >
      <div>
        Mocked Checkboxes
      </div>
    </Component>
    <Component
      checked={false}
      key="1"
      onChange={[Function]}
      value={1}
      wrapperIndex={0}
    >
      <div>
        Mocked Checkboxes
      </div>
    </Component>
    <Component
      checked={false}
      key="2"
      onChange={[Function]}
      value={2}
      wrapperIndex={0}
    >
      <div>
        Mocked Checkboxes
      </div>
    </Component>
  </CheckboxWrapper>
</Provider>
`;
